Release 14.7 - xst P.20131013 (nt64)
Copyright (c) 1995-2013 Xilinx, Inc.  All rights reserved.
--> Parameter TMPDIR set to xst/projnav.tmp


Total REAL time to Xst completion: 1.00 secs
Total CPU time to Xst completion: 0.38 secs
 
--> Parameter xsthdpdir set to xst


Total REAL time to Xst completion: 1.00 secs
Total CPU time to Xst completion: 0.39 secs
 
--> Reading design: counter.prj

TABLE OF CONTENTS
  1) Synthesis Options Summary
  2) HDL Compilation
  3) Design Hierarchy Analysis
  4) HDL Analysis
  5) HDL Synthesis
     5.1) HDL Synthesis Report
  6) Advanced HDL Synthesis
     6.1) Advanced HDL Synthesis Report
  7) Low Level Synthesis
  8) Partition Report
  9) Final Report
	9.1) Device utilization summary
	9.2) Partition Resource Summary
	9.3) TIMING REPORT


=========================================================================
*                      Synthesis Options Summary                        *
=========================================================================
---- Source Parameters
Input File Name                    : "counter.prj"
Input Format                       : mixed
Ignore Synthesis Constraint File   : NO

---- Target Parameters
Output File Name                   : "counter"
Output Format                      : NGC
Target Device                      : xc3s250e-4-tq144

---- Source Options
Top Module Name                    : counter
Automatic FSM Extraction           : YES
FSM Encoding Algorithm             : Auto
Safe Implementation                : No
FSM Style                          : LUT
RAM Extraction                     : Yes
RAM Style                          : Auto
ROM Extraction                     : Yes
Mux Style                          : Auto
Decoder Extraction                 : YES
Priority Encoder Extraction        : Yes
Shift Register Extraction          : YES
Logical Shifter Extraction         : YES
XOR Collapsing                     : YES
ROM Style                          : Auto
Mux Extraction                     : Yes
Resource Sharing                   : YES
Asynchronous To Synchronous        : NO
Multiplier Style                   : Auto
Automatic Register Balancing       : No

---- Target Options
Add IO Buffers                     : YES
Global Maximum Fanout              : 100000
Add Generic Clock Buffer(BUFG)     : 24
Register Duplication               : YES
Slice Packing                      : YES
Optimize Instantiated Primitives   : NO
Use Clock Enable                   : Yes
Use Synchronous Set                : Yes
Use Synchronous Reset              : Yes
Pack IO Registers into IOBs        : Auto
Equivalent register Removal        : YES

---- General Options
Optimization Goal                  : Speed
Optimization Effort                : 1
Keep Hierarchy                     : No
Netlist Hierarchy                  : As_Optimized
RTL Output                         : Yes
Global Optimization                : AllClockNets
Read Cores                         : YES
Write Timing Constraints           : NO
Cross Clock Analysis               : NO
Hierarchy Separator                : /
Bus Delimiter                      : <>
Case Specifier                     : Maintain
Slice Utilization Ratio            : 100
BRAM Utilization Ratio             : 100
Verilog 2001                       : YES
Auto BRAM Packing                  : NO
Slice Utilization Ratio Delta      : 5

=========================================================================


=========================================================================
*                          HDL Compilation                              *
=========================================================================
Compiling verilog file "clockdivider.v" in library work
Compiling verilog file "counter.v" in library work
Module <clockdivider> compiled
Module <counter> compiled
No errors in compilation
Analysis of file <"counter.prj"> succeeded.
 

=========================================================================
*                     Design Hierarchy Analysis                         *
=========================================================================
Analyzing hierarchy for module <counter> in library <work> with parameters.
	A = "00000000000000000000000000000000"
	B = "00000000000000000000000000000001"
	C = "00000000000000000000000000000010"
	D = "00000000000000000000000000000011"
	E = "00000000000000000000000000000100"
	F = "00000000000000000000000000000101"
	G = "00000000000000000000000000000110"
	H = "00000000000000000000000000000111"
	I = "00000000000000000000000000001000"
	J = "00000000000000000000000000001001"
	K = "00000000000000000000000000001010"
	L = "00000000000000000000000000001011"
	M = "00000000000000000000000000001100"
	N = "00000000000000000000000000001101"
	O = "00000000000000000000000000001110"
	P = "00000000000000000000000000001111"

Analyzing hierarchy for module <clockdivider> in library <work> with parameters.
	DivVal = "00000000100110001001011010000000"


=========================================================================
*                            HDL Analysis                               *
=========================================================================
Analyzing top module <counter>.
	A = 32'sb00000000000000000000000000000000
	B = 32'sb00000000000000000000000000000001
	C = 32'sb00000000000000000000000000000010
	D = 32'sb00000000000000000000000000000011
	E = 32'sb00000000000000000000000000000100
	F = 32'sb00000000000000000000000000000101
	G = 32'sb00000000000000000000000000000110
	H = 32'sb00000000000000000000000000000111
	I = 32'sb00000000000000000000000000001000
	J = 32'sb00000000000000000000000000001001
	K = 32'sb00000000000000000000000000001010
	L = 32'sb00000000000000000000000000001011
	M = 32'sb00000000000000000000000000001100
	N = 32'sb00000000000000000000000000001101
	O = 32'sb00000000000000000000000000001110
	P = 32'sb00000000000000000000000000001111
Module <counter> is correct for synthesis.
 
Analyzing module <clockdivider> in library <work>.
	DivVal = 32'sb00000000100110001001011010000000
Module <clockdivider> is correct for synthesis.
 

=========================================================================
*                           HDL Synthesis                               *
=========================================================================

Performing bidirectional port resolution...

Synthesizing Unit <clockdivider>.
    Related source file is "clockdivider.v".
    Found 1-bit register for signal <ClkOut>.
    Found 1-bit register for signal <ClkInt>.
    Found 25-bit up counter for signal <DivCnt>.
    Summary:
	inferred   1 Counter(s).
	inferred   2 D-type flip-flop(s).
Unit <clockdivider> synthesized.


Synthesizing Unit <counter>.
    Related source file is "counter.v".
    Found 1-bit register for signal <tc>.
    Found 4-bit register for signal <State>.
    Summary:
	inferred   5 D-type flip-flop(s).
Unit <counter> synthesized.


=========================================================================
HDL Synthesis Report

Macro Statistics
# Counters                                             : 1
 25-bit up counter                                     : 1
# Registers                                            : 4
 1-bit register                                        : 3
 4-bit register                                        : 1

=========================================================================

=========================================================================
*                       Advanced HDL Synthesis                          *
=========================================================================


=========================================================================
Advanced HDL Synthesis Report

Macro Statistics
# Counters                                             : 1
 25-bit up counter                                     : 1
# Registers                                            : 7
 Flip-Flops                                            : 7

=========================================================================

=========================================================================
*                         Low Level Synthesis                           *
=========================================================================

Optimizing unit <counter> ...

Mapping all equations...
Building and optimizing final netlist ...
Found area constraint ratio of 100 (+ 5) on block counter, actual ratio is 1.

Final Macro Processing ...

=========================================================================
Final Register Report

Macro Statistics
# Registers                                            : 32
 Flip-Flops                                            : 32

=========================================================================

=========================================================================
*                           Partition Report                            *
=========================================================================

Partition Implementation Status
-------------------------------

  No Partitions were found in this design.

-------------------------------

=========================================================================
*                            Final Report                               *
=========================================================================
Final Results
RTL Top Level Output File Name     : counter.ngr
Top Level Output File Name         : counter
Output Format                      : NGC
Optimization Goal                  : Speed
Keep Hierarchy                     : No

Design Statistics
# IOs                              : 21

Cell Usage :
# BELS                             : 112
#      GND                         : 1
#      INV                         : 3
#      LUT1                        : 24
#      LUT2                        : 2
#      LUT2_L                      : 1
#      LUT3                        : 1
#      LUT4                        : 19
#      LUT4_D                      : 1
#      LUT4_L                      : 1
#      MUXCY                       : 31
#      MUXF5                       : 2
#      VCC                         : 1
#      XORCY                       : 25
# FlipFlops/Latches                : 32
#      FD                          : 1
#      FDE                         : 1
#      FDR                         : 29
#      FDRS                        : 1
# Clock Buffers                    : 1
#      BUFGP                       : 1
# IO Buffers                       : 20
#      IBUF                        : 8
#      OBUF                        : 12
=========================================================================

Device utilization summary:
---------------------------

Selected Device : 3s250etq144-4 

 Number of Slices:                       29  out of   2448     1%  
 Number of Slice Flip Flops:             32  out of   4896     0%  
 Number of 4 input LUTs:                 52  out of   4896     1%  
 Number of IOs:                          21
 Number of bonded IOBs:                  21  out of    108    19%  
 Number of GCLKs:                         1  out of     24     4%  

---------------------------
Partition Resource Summary:
---------------------------

  No Partitions were found in this design.

---------------------------


=========================================================================
TIMING REPORT

NOTE: THESE TIMING NUMBERS ARE ONLY A SYNTHESIS ESTIMATE.
      FOR ACCURATE TIMING INFORMATION PLEASE REFER TO THE TRACE REPORT
      GENERATED AFTER PLACE-and-ROUTE.

Clock Information:
------------------
-----------------------------------+------------------------+-------+
Clock Signal                       | Clock buffer(FF name)  | Load  |
-----------------------------------+------------------------+-------+
DUT/ClkOut                         | NONE(tc)               | 5     |
clk                                | BUFGP                  | 27    |
-----------------------------------+------------------------+-------+
INFO:Xst:2169 - HDL ADVISOR - Some clock signals were not automatically buffered by XST with BUFG/BUFR resources. Please use the buffer_type constraint in order to insert these buffers to the clock signals to help prevent skew problems.

Asynchronous Control Signals Information:
----------------------------------------
No asynchronous control signals found in this design

Timing Summary:
---------------
Speed Grade: -4

   Minimum period: 5.300ns (Maximum Frequency: 188.692MHz)
   Minimum input arrival time before clock: 5.005ns
   Maximum output required time after clock: 6.095ns
   Maximum combinational path delay: No path found

Timing Detail:
--------------
All values displayed in nanoseconds (ns)

=========================================================================
Timing constraint: Default period analysis for Clock 'DUT/ClkOut'
  Clock period: 4.582ns (frequency: 218.245MHz)
  Total number of paths / destination ports: 21 / 5
-------------------------------------------------------------------------
Delay:               4.582ns (Levels of Logic = 3)
  Source:            State_1 (FF)
  Destination:       State_3 (FF)
  Source Clock:      DUT/ClkOut rising
  Destination Clock: DUT/ClkOut rising

  Data Path: State_1 to State_3
                                Gate     Net
    Cell:in->out      fanout   Delay   Delay  Logical Name (Net Name)
    ----------------------------------------  ------------
     FDR:C->Q             11   0.591   1.012  State_1 (State_1)
     LUT4_D:I1->LO         1   0.704   0.135  StateNext<3>95_SW0 (N45)
     LUT3:I2->O            1   0.704   0.424  StateNext<3>50 (StateNext<3>50)
     LUT4:I3->O            1   0.704   0.000  StateNext<3>1401 (StateNext<3>140)
     FDRS:D                    0.308          State_3
    ----------------------------------------
    Total                      4.582ns (3.011ns logic, 1.571ns route)
                                       (65.7% logic, 34.3% route)

=========================================================================
Timing constraint: Default period analysis for Clock 'clk'
  Clock period: 5.300ns (frequency: 188.692MHz)
  Total number of paths / destination ports: 1002 / 53
-------------------------------------------------------------------------
Delay:               5.300ns (Levels of Logic = 8)
  Source:            DUT/DivCnt_9 (FF)
  Destination:       DUT/ClkOut (FF)
  Source Clock:      clk rising
  Destination Clock: clk rising

  Data Path: DUT/DivCnt_9 to DUT/ClkOut
                                Gate     Net
    Cell:in->out      fanout   Delay   Delay  Logical Name (Net Name)
    ----------------------------------------  ------------
     FDR:C->Q              2   0.591   0.622  DUT/DivCnt_9 (DUT/DivCnt_9)
     LUT4:I0->O            1   0.704   0.000  DUT/ClkInt_cmp_eq0000_wg_lut<1> (DUT/ClkInt_cmp_eq0000_wg_lut<1>)
     MUXCY:S->O            1   0.464   0.000  DUT/ClkInt_cmp_eq0000_wg_cy<1> (DUT/ClkInt_cmp_eq0000_wg_cy<1>)
     MUXCY:CI->O           1   0.059   0.000  DUT/ClkInt_cmp_eq0000_wg_cy<2> (DUT/ClkInt_cmp_eq0000_wg_cy<2>)
     MUXCY:CI->O           1   0.059   0.000  DUT/ClkInt_cmp_eq0000_wg_cy<3> (DUT/ClkInt_cmp_eq0000_wg_cy<3>)
     MUXCY:CI->O           1   0.059   0.000  DUT/ClkInt_cmp_eq0000_wg_cy<4> (DUT/ClkInt_cmp_eq0000_wg_cy<4>)
     MUXCY:CI->O           1   0.059   0.000  DUT/ClkInt_cmp_eq0000_wg_cy<5> (DUT/ClkInt_cmp_eq0000_wg_cy<5>)
     MUXCY:CI->O          27   0.331   1.340  DUT/ClkInt_cmp_eq0000_wg_cy<6> (DUT/ClkInt_cmp_eq0000)
     LUT2:I1->O            1   0.704   0.000  DUT/ClkOut_mux00001 (DUT/ClkOut_mux0000)
     FD:D                      0.308          DUT/ClkOut
    ----------------------------------------
    Total                      5.300ns (3.338ns logic, 1.962ns route)
                                       (63.0% logic, 37.0% route)

=========================================================================
Timing constraint: Default OFFSET IN BEFORE for Clock 'DUT/ClkOut'
  Total number of paths / destination ports: 24 / 10
-------------------------------------------------------------------------
Offset:              5.005ns (Levels of Logic = 4)
  Source:            dir (PAD)
  Destination:       State_3 (FF)
  Destination Clock: DUT/ClkOut rising

  Data Path: dir to State_3
                                Gate     Net
    Cell:in->out      fanout   Delay   Delay  Logical Name (Net Name)
    ----------------------------------------  ------------
     IBUF:I->O             5   1.218   0.808  dir_IBUF (dir_IBUF)
     LUT4_D:I0->LO         1   0.704   0.135  StateNext<3>95_SW0 (N45)
     LUT3:I2->O            1   0.704   0.424  StateNext<3>50 (StateNext<3>50)
     LUT4:I3->O            1   0.704   0.000  StateNext<3>1401 (StateNext<3>140)
     FDRS:D                    0.308          State_3
    ----------------------------------------
    Total                      5.005ns (3.638ns logic, 1.367ns route)
                                       (72.7% logic, 27.3% route)

=========================================================================
Timing constraint: Default OFFSET OUT AFTER for Clock 'DUT/ClkOut'
  Total number of paths / destination ports: 29 / 8
-------------------------------------------------------------------------
Offset:              6.095ns (Levels of Logic = 2)
  Source:            State_1 (FF)
  Destination:       a (PAD)
  Source Clock:      DUT/ClkOut rising

  Data Path: State_1 to a
                                Gate     Net
    Cell:in->out      fanout   Delay   Delay  Logical Name (Net Name)
    ----------------------------------------  ------------
     FDR:C->Q             11   0.591   1.108  State_1 (State_1)
     LUT4:I0->O            1   0.704   0.420  c1 (c_OBUF)
     OBUF:I->O                 3.272          c_OBUF (c)
    ----------------------------------------
    Total                      6.095ns (4.567ns logic, 1.528ns route)
                                       (74.9% logic, 25.1% route)

=========================================================================


Total REAL time to Xst completion: 30.00 secs
Total CPU time to Xst completion: 29.39 secs
 
--> 

Total memory usage is 310084 kilobytes

Number of errors   :    0 (   0 filtered)
Number of warnings :    0 (   0 filtered)
Number of infos    :    1 (   0 filtered)

