MO fourDigitDisplay NULL fourDigitDisplay.v vlg03/four_digit_display.bin 1460475758
MO SevenSeg NULL ../../../../Downloads/SevenSeg.v vlg58/_seven_seg.bin 1460475758
MO seg7 NULL "../../../../Downloads/seg7 (2).v" vlg3E/seg7.bin 1460475758
MO clockdivider NULL ../../../../Downloads/clockdivider.v vlg6B/clockdivider.bin 1460475758
